RAM_MARK 00 process start (instrumentation initialized) 0.021
RAM_MARK 01 torch import complete 0.462
RAM_MARK 02 diffusers import complete 0.54
[ordinary-female] source SHA and seed PASS; loading same SDXL pipeline
Couldn't connect to the Hub: Cannot reach https://huggingface.co/api/models/cagliostrolab/animagine-xl-3.1: offline mode is enabled. To disable it, please unset the `HF_HUB_OFFLINE` environment variable..
Will try to load from local cache.
모델 준비 중: cagliostrolab/animagine-xl-3.1

Loading pipeline components...:   0%|          | 0/7 [00:00<?, ?it/s]
Loading pipeline components...:  14%|█▍        | 1/7 [00:01<00:07,  1.27s/it]
Loading pipeline components...:  29%|██▊       | 2/7 [00:02<00:04,  1.02it/s]
Loading pipeline components...:  57%|█████▋    | 4/7 [00:02<00:01,  2.38it/s]
Loading pipeline components...:  71%|███████▏  | 5/7 [00:06<00:03,  1.67s/it]
Loading pipeline components...:  86%|████████▌ | 6/7 [00:06<00:01,  1.19s/it]
Loading pipeline components...: 100%|██████████| 7/7 [00:09<00:00,  1.54s/it]
Loading pipeline components...: 100%|██████████| 7/7 [00:09<00:00,  1.30s/it]
RAM_MARK 03 SDXL from_pretrained complete 0.842
`torch_dtype` is deprecated! Use `dtype` instead!
참조 그림 특징 전달 장치(IP-Adapter) 연결 중
RAM_MARK 05 load_ip_adapter complete 0.847
원본 유지: 기존 모델을 이미지 수정 방식으로 전환
GPU 메모리 절약: 사용 중인 모델 부분만 GPU로 이동
RAM_MARK 04 enable_model_cpu_offload complete 0.847
2026-09-24 16:27:38 [INFO] [실행 시작] 실행 ID=20260924-162738-192330-4cac6837, 로그 파일=\\192.168.0.109\win_g\genai-lab\logs\20260924-162738-192330-4cac6837.log
2026-09-24 16:27:38 [INFO] [공통 생성 오케스트레이터] {"refinement_mode": "sdxl_local", "run_directory": "\\\\192.168.0.109\\win_g\\genai-lab\\outputs\\generation-runs\\20260924-162738-32b83572", "run_id": "20260924-162738-32b83572", "stage": "run_context", "status": "created"}
RAM_MARK None reference analysis before 0.847
2026-09-24 16:27:39 [INFO] [공통 생성 오케스트레이터] {"stage": "prepare_visual_inputs", "status": "started"}
[ordinary-female] 캐릭터 참조 영역 추출 중 — 중립화·의상 제거 검증 없음
2026-09-24 16:29:25 [INFO] [참조 영역 분석] 종료=0, 소요=106.22초, 중립화/제거 검증=미실행
2026-09-24 16:29:25 [INFO] [승인 의상 기반 마스크] {'mode': 'legacy_overall', 'approved_tags': [], 'included_classes': [], 'excluded_classes': ['Upper-clothes', 'Coat', 'Dress', 'Skirt', 'Pants', 'Jumpsuits', 'Socks', 'Left-shoe', 'Right-shoe', 'Scarf', 'Glove'], 'cross_parser_veto_classes': ['Left-leg', 'Right-leg', 'Left-shoe', 'Right-shoe'], 'detached_component_policy': 'keep_components_at_least_one_percent_of_largest', 'final_disconnected_pixels_removed': 0}
2026-09-24 16:29:28 [INFO] [얼굴 보조 관측] {'version': 'reference_face_observation_v1', 'parser_face_pixels': 0, 'parser_face_area_ratio': 0.0, 'parser_face_bbox': None, 'parser_face_bbox_area_ratio': 0.0, 'parser_minimum_area_ratio': 0.002, 'parser_maximum_area_ratio': 0.12, 'semantic_mask': False, 'coordinate_space': 'current_image', 'detector': 'Bingsu/adetailer face_yolov8s bounding box', 'confidence': 0.8670742511749268, 'box': [292, 204, 438, 351], 'box_pixels': 21462, 'box_area_ratio': 0.023669095849802372, 'minimum_area_ratio': 0.0005, 'maximum_area_ratio': 0.12, 'candidate_count': 1, 'status': 'recovered', 'reason': 'parser_face_below_measurement_minimum', 'masks_modified': True, 'identity_union_applied': True, 'garment_exclusion_applied': True, 'garment_overlap_removed_pixels': 16595, 'automatic_generation_condition': True, 'usage': 'source_generation_identity_reference'}
2026-09-24 16:29:28 [INFO] [의상 참조판 준비] {'flux2_klein': {'source_size': (736, 1104), 'source_alpha_pixels': 812544, 'regions': [(0, 0, 736, 1104)], 'board_size': (512, 512), 'opaque_input': True, 'components': 1}}
RAM_MARK 06 grounding_dino from_pretrained complete 0.958
RAM_MARK 06 grounding_dino from_pretrained complete 0.963
RAM_MARK 07 sam2 from_pretrained complete 0.963
RAM_MARK 07 sam2 from_pretrained complete 0.963
RAM_MARK 07 sam2 from_pretrained complete 0.963
RAM_MARK 07 sam2 from_pretrained complete 0.961
RAM_MARK 06 grounding_dino from_pretrained complete 0.967
2026-09-24 16:30:23 [INFO] [귀·꼬리 연결 전 검출] {'mode': 'preview_only', 'parts': {'human_ears': {'status': 'uncertain', 'boxes': [[176.9900665283203, 36.623897552490234, 487.60089111328125, 1194.1864013671875], [292.261474609375, 260.6086730957031, 323.53741455078125, 297.7511901855469]], 'detection_scores': [0.4804081320762634, 0.3506823480129242], 'accepted_masks': 0, 'target_status': 'unresolved', 'semantic_status': 'unresolved', 'presence': 'unresolved', 'query': 'human ears. person ears.', 'raw_candidate_fingerprint': '881f0c8fcee8f46d8591897403fa59cfabd16e29eef4b41aaa65dc333e179596', 'analysis_stage': 'independent_detection', 'mask_quality_scores': [0.9800167083740234, 0.820755124092102], 'candidate_mask_paths': ['C:\\Users\\user\\AppData\\Local\\Temp\\genai-parts-lfy6w_p_\\human_ears_candidate_0_mask.png', 'C:\\Users\\user\\AppData\\Local\\Temp\\genai-parts-lfy6w_p_\\human_ears_candidate_1_mask.png'], 'source_filter': [{'index': 0, 'area_pixels': 149622, 'garment_overlap': 0.7796714386921709, 'hair_overlap': 0.06120757642592667, 'hair_coverage': 0.9053880375679684, 'accepted': True, 'reason': 'candidate', 'selection_status': 'proposed', 'semantic_status': 'unresolved', 'decision_source': 'experimental_overlap_v2', 'requires_review': True, 'removed_pixels': 0, 'candidate_index': 0, 'mask_path': 'C:\\Users\\user\\AppData\\Local\\Temp\\genai-parts-lfy6w_p_\\human_ears_candidate_0_mask.png'}, {'index': 1, 'area_pixels': 562, 'garment_overlap': 0.0, 'hair_overlap': 0.0, 'hair_coverage': 0.0, 'accepted': True, 'reason': 'candidate', 'selection_status': 'proposed', 'semantic_status': 'unresolved', 'decision_source': 'experimental_overlap_v2', 'requires_review': True, 'removed_pixels': 0, 'candidate_index': 1, 'mask_path': 'C:\\Users\\user\\AppData\\Local\\Temp\\genai-parts-lfy6w_p_\\human_ears_candidate_1_mask.png'}], 'review_stage': 'cross_part_overlap_review', 'duplicate_box_resolution': {'version': 'ear_candidate_deduplication_v1', 'input_count': 2, 'output_count': 2, 'removed': [], 'policy': 'drop_two_ear_envelope_then_score_ordered_nms'}, 'area_validity': {'version': 'small_part_area_validity_v1', 'mask_pixels': 149622, 'denominator_pixels': 151610, 'denominator_source': 'foreground_mask', 'foreground_area_ratio': 0.9868874084822901, 'maximum_foreground_area_ratio': 0.12, 'valid': False, 'status': 'evaluated', 'reason': None}, 'outcome_reason': 'small_part_area_upper_bound_exceeded', 'automatic_conditioning': False, 'measured_mask_pixels': 149622, 'rejected_candidate_indices': [0, 1]}, 'animal_ears': {'status': 'uncertain', 'boxes': [], 'detection_scores': [], 'accepted_masks': 0, 'target_status': 'unresolved', 'semantic_status': 'unresolved', 'presence': 'not_observed', 'query': 'animal ears.', 'raw_candidate_fingerprint': '9ad6331d694435013a0afe57fd28cac1e250a1ad7048282b28faf8c0203eed29', 'analysis_stage': 'independent_detection', 'outcome_reason': 'no_candidate_above_threshold', 'automatic_conditioning': False}, 'tail': {'status': 'detected', 'boxes': [[233.44680786132812, 36.97039031982422, 333.8957214355469, 375.1246643066406]], 'detection_scores': [0.3951002061367035], 'accepted_masks': 1, 'target_status': 'unresolved_unapproved_character_part', 'semantic_status': 'unresolved', 'presence': 'model_candidate', 'query': 'tail.', 'raw_candidate_fingerprint': '3bf6383e78f58347215d9d29b4e7274206ef598d424c99a46d31409bff44ba22', 'analysis_stage': 'independent_detection', 'mask_quality_scores': [0.8532957434654236], 'candidate_mask_paths': ['C:\\Users\\user\\AppData\\Local\\Temp\\genai-parts-lfy6w_p_\\tail_candidate_0_mask.png'], 'source_preflight': {'version': 'tail_source_preflight_v1', 'status': 'passed', 'maximum_garment_overlap': 0.75, 'rejected_candidate_indices': [], 'safe_candidate_count': 1}, 'source_filter': [{'index': 0, 'area_pixels': 13269, 'garment_overlap': 0.49076795538473134, 'hair_overlap': 0.0, 'hair_coverage': 0.0, 'accepted': True, 'reason': 'candidate', 'selection_status': 'proposed', 'semantic_status': 'unresolved', 'decision_source': 'experimental_overlap_v2', 'requires_review': True, 'removed_pixels': 0, 'candidate_index': 0, 'mask_path': 'C:\\Users\\user\\AppData\\Local\\Temp\\genai-parts-lfy6w_p_\\tail_candidate_0_mask.png'}], 'review_stage': 'cross_part_overlap_review', 'area_validity': {'version': 'small_part_area_validity_v1', 'mask_pixels': 13269, 'denominator_pixels': 151610, 'denominator_source': 'foreground_mask', 'foreground_area_ratio': 0.08752061209682739, 'maximum_foreground_area_ratio': 0.6, 'valid': True, 'status': 'evaluated', 'reason': None}, 'automatic_conditioning': False, 'outcome_reason': 'missing_approved_character_tag', 'accepted_boxes': [[233.44680786132812, 36.97039031982422, 333.8957214355469, 375.1246643066406]], 'mask_pixels': 13269, 'mask_path': 'C:\\Users\\user\\AppData\\Local\\Temp\\genai-parts-lfy6w_p_\\tail_mask.png', 'crop_path': 'C:\\Users\\user\\AppData\\Local\\Temp\\genai-parts-lfy6w_p_\\tail_reference.png', 'raw_detection_preserved': True}, 'hair_accessory': {'status': 'uncertain', 'boxes': [[279.324462890625, 142.45510864257812, 452.4993591308594, 316.9912109375]], 'detection_scores': [0.4395011365413666], 'accepted_masks': 0, 'target_status': 'unresolved', 'semantic_status': 'unresolved', 'presence': 'unresolved', 'query': 'hair ornament. hair accessory. hair clip.', 'raw_candidate_fingerprint': '9a4de3eb7d306c845dca84477b55ad876c734619319b0f5f8012e85bc3a3ed8d', 'analysis_stage': 'independent_detection', 'mask_quality_scores': [0.9207988977432251], 'candidate_mask_paths': ['C:\\Users\\user\\AppData\\Local\\Temp\\genai-parts-lfy6w_p_\\hair_accessory_candidate_0_mask.png'], 'source_filter': [{'index': 0, 'area_pixels': 15820, 'garment_overlap': 0.05676359039190897, 'hair_overlap': 0.6374841972187105, 'hair_coverage': 0.9970341077607514, 'accepted': False, 'reason': 'broad_hair_candidate', 'selection_status': 'not_proposed', 'semantic_status': 'unresolved', 'decision_source': 'experimental_overlap_v2', 'requires_review': True, 'removed_pixels': 15820, 'candidate_index': 0, 'mask_path': 'C:\\Users\\user\\AppData\\Local\\Temp\\genai-parts-lfy6w_p_\\hair_accessory_candidate_0_mask.png'}], 'review_stage': 'cross_part_overlap_review', 'outcome_reason': 'all_candidates_rejected_or_low_mask_quality', 'automatic_conditioning': False}}, 'debug_dir': 'C:\\Users\\user\\AppData\\Local\\Temp\\genai-parts-lfy6w_p_', 'image_size': [736, 1232], 'filter_policy': {'version': 'experimental_overlap_v2', 'enabled': True, 'semantic_accuracy_verified': False, 'requires_input_review': True, 'minimum_hair_overlap': 0.5, 'part_queries': [{'name': 'human_ears', 'query': 'human ears. person ears.', 'hair_context': False}, {'name': 'animal_ears', 'query': 'animal ears.', 'hair_context': True}, {'name': 'tail', 'query': 'tail.', 'hair_context': False}, {'name': 'hair_accessory', 'query': 'hair ornament. hair accessory. hair clip.', 'hair_context': True}], 'garment_dominance': 0.9, 'broad_hair_coverage': 0.5, 'tail_maximum_garment_overlap': 0.75, 'maximum_foreground_area_ratios': {'human_ears': 0.12, 'animal_ears': 0.25, 'tail': 0.6, 'hair_accessory': 0.2}, 'oversized_part_policy': 'unresolved_without_automatic_conditioning', 'accepted_mask_pixels_preserved': True}, 'part_overlap': {}, 'status': 'detected', 'unapproved_optional_parts': {'status': 'unresolved_skipped', 'parts': ['tail'], 'raw_detection_preserved': True, 'automatic_conditioning': False}}
2026-09-24 16:30:23 [INFO] [사람 귀·동물 귀 독립 계약] {'version': 'independent_ear_contract_v1', 'human': {'state': 'unknown', 'visible_count': 0, 'location': 'face_side', 'location_evidence': [{'box': [176.9900665283203, 36.623897552490234, 487.60089111328125, 1194.1864013671875], 'center': [0.4514884223108706, 0.4995171667693497], 'size': [0.4220255768817404, 0.9395799543950465]}, {'box': [292.261474609375, 260.6086730957031, 323.53741455078125, 297.7511901855469], 'center': [0.41834163665771484, 0.22660708737063717], 'size': [0.0424944836160411, 0.03014814698850954]}], 'location_verified': False, 'confidence': 0.4804081320762634, 'mask_path': None, 'crop_path': None, 'mask_pixels': None, 'evidence': 'not_observed', 'ambiguity': None, 'absence_inferred_from_non_detection': False}, 'animal': {'state': 'unknown', 'visible_count': 0, 'location': 'hair_crown', 'location_evidence': [], 'location_verified': False, 'confidence': None, 'mask_path': None, 'crop_path': None, 'mask_pixels': None, 'evidence': 'not_observed', 'ambiguity': None, 'absence_inferred_from_non_detection': False, 'approved_species_tags': []}, 'source_masks_are_independent': True, 'non_detection_policy': 'unknown_not_absent', 'generation_parts': []}
2026-09-24 16:30:23 [INFO] [귀·꼬리 검출 결과] 상태=unresolved_skipped, 원본 검출=1, 생성 참조=0, 진단={'mode': 'source_regions_experiment', 'parts': {'human_ears': {'status': 'uncertain', 'boxes': [[176.9900665283203, 36.623897552490234, 487.60089111328125, 1194.1864013671875], [292.261474609375, 260.6086730957031, 323.53741455078125, 297.7511901855469]], 'detection_scores': [0.4804081320762634, 0.3506823480129242], 'accepted_masks': 0, 'target_status': 'unresolved', 'semantic_status': 'unresolved', 'presence': 'unresolved', 'query': 'human ears. person ears.', 'raw_candidate_fingerprint': '881f0c8fcee8f46d8591897403fa59cfabd16e29eef4b41aaa65dc333e179596', 'analysis_stage': 'independent_detection', 'mask_quality_scores': [0.9800167083740234, 0.820755124092102], 'candidate_mask_paths': ['C:\\Users\\user\\AppData\\Local\\Temp\\genai-parts-lfy6w_p_\\human_ears_candidate_0_mask.png', 'C:\\Users\\user\\AppData\\Local\\Temp\\genai-parts-lfy6w_p_\\human_ears_candidate_1_mask.png'], 'source_filter': [{'index': 0, 'area_pixels': 149622, 'garment_overlap': 0.7796714386921709, 'hair_overlap': 0.06120757642592667, 'hair_coverage': 0.9053880375679684, 'accepted': True, 'reason': 'candidate', 'selection_status': 'proposed', 'semantic_status': 'unresolved', 'decision_source': 'experimental_overlap_v2', 'requires_review': True, 'removed_pixels': 0, 'candidate_index': 0, 'mask_path': 'C:\\Users\\user\\AppData\\Local\\Temp\\genai-parts-lfy6w_p_\\human_ears_candidate_0_mask.png'}, {'index': 1, 'area_pixels': 562, 'garment_overlap': 0.0, 'hair_overlap': 0.0, 'hair_coverage': 0.0, 'accepted': True, 'reason': 'candidate', 'selection_status': 'proposed', 'semantic_status': 'unresolved', 'decision_source': 'experimental_overlap_v2', 'requires_review': True, 'removed_pixels': 0, 'candidate_index': 1, 'mask_path': 'C:\\Users\\user\\AppData\\Local\\Temp\\genai-parts-lfy6w_p_\\human_ears_candidate_1_mask.png'}], 'review_stage': 'cross_part_overlap_review', 'duplicate_box_resolution': {'version': 'ear_candidate_deduplication_v1', 'input_count': 2, 'output_count': 2, 'removed': [], 'policy': 'drop_two_ear_envelope_then_score_ordered_nms'}, 'area_validity': {'version': 'small_part_area_validity_v1', 'mask_pixels': 149622, 'denominator_pixels': 151610, 'denominator_source': 'foreground_mask', 'foreground_area_ratio': 0.9868874084822901, 'maximum_foreground_area_ratio': 0.12, 'valid': False, 'status': 'evaluated', 'reason': None}, 'outcome_reason': 'small_part_area_upper_bound_exceeded', 'automatic_conditioning': False, 'measured_mask_pixels': 149622, 'rejected_candidate_indices': [0, 1]}, 'animal_ears': {'status': 'uncertain', 'boxes': [], 'detection_scores': [], 'accepted_masks': 0, 'target_status': 'unresolved', 'semantic_status': 'unresolved', 'presence': 'not_observed', 'query': 'animal ears.', 'raw_candidate_fingerprint': '9ad6331d694435013a0afe57fd28cac1e250a1ad7048282b28faf8c0203eed29', 'analysis_stage': 'independent_detection', 'outcome_reason': 'no_candidate_above_threshold', 'automatic_conditioning': False}, 'tail': {'status': 'detected', 'boxes': [[233.44680786132812, 36.97039031982422, 333.8957214355469, 375.1246643066406]], 'detection_scores': [0.3951002061367035], 'accepted_masks': 1, 'target_status': 'unresolved_unapproved_character_part', 'semantic_status': 'unresolved', 'presence': 'model_candidate', 'query': 'tail.', 'raw_candidate_fingerprint': '3bf6383e78f58347215d9d29b4e7274206ef598d424c99a46d31409bff44ba22', 'analysis_stage': 'independent_detection', 'mask_quality_scores': [0.8532957434654236], 'candidate_mask_paths': ['C:\\Users\\user\\AppData\\Local\\Temp\\genai-parts-lfy6w_p_\\tail_candidate_0_mask.png'], 'source_preflight': {'version': 'tail_source_preflight_v1', 'status': 'passed', 'maximum_garment_overlap': 0.75, 'rejected_candidate_indices': [], 'safe_candidate_count': 1}, 'source_filter': [{'index': 0, 'area_pixels': 13269, 'garment_overlap': 0.49076795538473134, 'hair_overlap': 0.0, 'hair_coverage': 0.0, 'accepted': True, 'reason': 'candidate', 'selection_status': 'proposed', 'semantic_status': 'unresolved', 'decision_source': 'experimental_overlap_v2', 'requires_review': True, 'removed_pixels': 0, 'candidate_index': 0, 'mask_path': 'C:\\Users\\user\\AppData\\Local\\Temp\\genai-parts-lfy6w_p_\\tail_candidate_0_mask.png'}], 'review_stage': 'cross_part_overlap_review', 'area_validity': {'version': 'small_part_area_validity_v1', 'mask_pixels': 13269, 'denominator_pixels': 151610, 'denominator_source': 'foreground_mask', 'foreground_area_ratio': 0.08752061209682739, 'maximum_foreground_area_ratio': 0.6, 'valid': True, 'status': 'evaluated', 'reason': None}, 'automatic_conditioning': False, 'outcome_reason': 'missing_approved_character_tag', 'accepted_boxes': [[233.44680786132812, 36.97039031982422, 333.8957214355469, 375.1246643066406]], 'mask_pixels': 13269, 'mask_path': 'C:\\Users\\user\\AppData\\Local\\Temp\\genai-parts-lfy6w_p_\\tail_mask.png', 'crop_path': 'C:\\Users\\user\\AppData\\Local\\Temp\\genai-parts-lfy6w_p_\\tail_reference.png', 'raw_detection_preserved': True, 'generation_region': None}, 'hair_accessory': {'status': 'uncertain', 'boxes': [[279.324462890625, 142.45510864257812, 452.4993591308594, 316.9912109375]], 'detection_scores': [0.4395011365413666], 'accepted_masks': 0, 'target_status': 'unresolved', 'semantic_status': 'unresolved', 'presence': 'unresolved', 'query': 'hair ornament. hair accessory. hair clip.', 'raw_candidate_fingerprint': '9a4de3eb7d306c845dca84477b55ad876c734619319b0f5f8012e85bc3a3ed8d', 'analysis_stage': 'independent_detection', 'mask_quality_scores': [0.9207988977432251], 'candidate_mask_paths': ['C:\\Users\\user\\AppData\\Local\\Temp\\genai-parts-lfy6w_p_\\hair_accessory_candidate_0_mask.png'], 'source_filter': [{'index': 0, 'area_pixels': 15820, 'garment_overlap': 0.05676359039190897, 'hair_overlap': 0.6374841972187105, 'hair_coverage': 0.9970341077607514, 'accepted': False, 'reason': 'broad_hair_candidate', 'selection_status': 'not_proposed', 'semantic_status': 'unresolved', 'decision_source': 'experimental_overlap_v2', 'requires_review': True, 'removed_pixels': 15820, 'candidate_index': 0, 'mask_path': 'C:\\Users\\user\\AppData\\Local\\Temp\\genai-parts-lfy6w_p_\\hair_accessory_candidate_0_mask.png'}], 'review_stage': 'cross_part_overlap_review', 'outcome_reason': 'all_candidates_rejected_or_low_mask_quality', 'automatic_conditioning': False}}, 'debug_dir': 'C:\\Users\\user\\AppData\\Local\\Temp\\genai-parts-lfy6w_p_', 'image_size': [736, 1232], 'filter_policy': {'version': 'experimental_overlap_v2', 'enabled': True, 'semantic_accuracy_verified': False, 'requires_input_review': True, 'minimum_hair_overlap': 0.5, 'part_queries': [{'name': 'human_ears', 'query': 'human ears. person ears.', 'hair_context': False}, {'name': 'animal_ears', 'query': 'animal ears.', 'hair_context': True}, {'name': 'tail', 'query': 'tail.', 'hair_context': False}, {'name': 'hair_accessory', 'query': 'hair ornament. hair accessory. hair clip.', 'hair_context': True}], 'garment_dominance': 0.9, 'broad_hair_coverage': 0.5, 'tail_maximum_garment_overlap': 0.75, 'maximum_foreground_area_ratios': {'human_ears': 0.12, 'animal_ears': 0.25, 'tail': 0.6, 'hair_accessory': 0.2}, 'oversized_part_policy': 'unresolved_without_automatic_conditioning', 'accepted_mask_pixels_preserved': True}, 'part_overlap': {}, 'status': 'detected', 'unapproved_optional_parts': {'status': 'unresolved_skipped', 'parts': ['tail'], 'raw_detection_preserved': True, 'automatic_conditioning': False}}
2026-09-24 16:30:25 [INFO] [헤어 마스크 정밀화] {'version': 'protected_hair_mask_refinement_v2', 'status': 'unresolved', 'reason': 'hair_mask_refinement_exhausted', 'repaired': True, 'mask_returned': False, 'attempts': [{'attempt': 1, 'close_radius': 0, 'raw_hair_pixels': 10115, 'hair_pixels': 5010, 'retained_ratio': 0.495304003954523, 'missing_pixels': 0, 'missing_ratio': 0.0, 'raw_face_overlap': 0.4725654967869501, 'raw_ear_overlap': 0.0, 'raw_human_ear_overlap': 0.0, 'raw_animal_ear_overlap': 0.0, 'raw_accessory_overlap': 0.0, 'raw_outside_head': 0.0, 'face_overlap_after': 0.0, 'ear_overlap_after': 0.0, 'human_ear_overlap_after': 0.0, 'animal_ear_overlap_after': 0.0, 'accessory_overlap_after': 0.0, 'outside_head_after': 0.0, 'accepted': False}, {'attempt': 2, 'close_radius': 2, 'raw_hair_pixels': 10115, 'hair_pixels': 5010, 'retained_ratio': 0.495304003954523, 'missing_pixels': 0, 'missing_ratio': 0.0, 'raw_face_overlap': 0.4725654967869501, 'raw_ear_overlap': 0.0, 'raw_human_ear_overlap': 0.0, 'raw_animal_ear_overlap': 0.0, 'raw_accessory_overlap': 0.0, 'raw_outside_head': 0.0, 'face_overlap_after': 0.0, 'ear_overlap_after': 0.0, 'human_ear_overlap_after': 0.0, 'animal_ear_overlap_after': 0.0, 'accessory_overlap_after': 0.0, 'outside_head_after': 0.0, 'accepted': False}, {'attempt': 3, 'close_radius': 4, 'raw_hair_pixels': 10115, 'hair_pixels': 5010, 'retained_ratio': 0.495304003954523, 'missing_pixels': 0, 'missing_ratio': 0.0, 'raw_face_overlap': 0.4725654967869501, 'raw_ear_overlap': 0.0, 'raw_human_ear_overlap': 0.0, 'raw_animal_ear_overlap': 0.0, 'raw_accessory_overlap': 0.0, 'raw_outside_head': 0.0, 'face_overlap_after': 0.0, 'ear_overlap_after': 0.0, 'human_ear_overlap_after': 0.0, 'animal_ear_overlap_after': 0.0, 'accessory_overlap_after': 0.0, 'outside_head_after': 0.0, 'accepted': False}], 'failure_policy': 'unresolved_without_generation_condition'}
2026-09-24 16:30:25 [INFO] [헤어 시각 참조 분리] 상태=unresolved_skipped, 정밀화 마스크 없음, 자동 텐서 주입=False, 승인 태그만 유지
2026-09-24 16:30:25 [INFO] [최종 의상·부위 마스크 검증] 상태=passed, 중첩={}, 반환=VisualInputs.garment_mask
2026-09-24 16:30:25 [INFO] [이미지 마스크 처리 시간] 상태=completed, 소요=164.501초
2026-09-24 16:30:25 [INFO] [이미지 추출 시간] 상태=completed, 소요=0.247초
2026-09-24 16:30:25 [INFO] [부위 조건 분리] 조건=['identity', 'garment'], 원본 조건 변경 없음, 최종 배치 규칙 유지=source_roi_priority_experiment, 공통 생성 모델 유지
2026-09-24 16:30:25 [INFO] [부위 색상 설명 제안] ({'part_name': 'human_ears', 'colors': (), 'status': 'unresolved', 'reasons': ('색상 측정 없음',), 'prompt_text': '', 'evidence': {'policy': {'max_distance': 22.0, 'minimum_margin': 1.5, 'minimum_area_ratio': 0.1, 'minimum_coverage': 0.85, 'maximum_colors': 3, 'dark_lightness': 45.0, 'light_lightness': 80.0}, 'color_labels': {'blue': '파랑', 'purple': '보라', 'red': '빨강', 'pink': '분홍', 'orange': '주황', 'yellow': '노랑', 'brown': '갈색', 'green': '초록', 'cyan': '청록', 'white': '흰색', 'gray': '회색', 'black': '검정', 'dark blue': '어두운 파랑', 'light blue': '밝은 파랑', 'dark purple': '어두운 보라', 'light purple': '밝은 보라', 'dark red': '어두운 빨강', 'light red': '밝은 빨강', 'dark pink': '어두운 분홍', 'light pink': '밝은 분홍', 'dark orange': '어두운 주황', 'light orange': '밝은 주황', 'dark yellow': '어두운 노랑', 'light yellow': '밝은 노랑', 'dark brown': '어두운 갈색', 'light brown': '밝은 갈색', 'dark green': '어두운 초록', 'light green': '밝은 초록', 'dark cyan': '어두운 청록', 'light cyan': '밝은 청록', 'dark white': '어두운 흰색', 'light white': '밝은 흰색', 'dark gray': '어두운 회색', 'light gray': '밝은 회색', 'dark black': '어두운 검정', 'light black': '밝은 검정'}, 'clusters': [], 'coverage': 0.0, 'method': 'nearest CSS family in OpenCV Lab; not probability'}, 'policy_fingerprint': '449df195373783ac3c6155d20aaea36eae3b40df9ff2b5dbf9f195ff810596b9', 'semantic_accuracy_verified': False}, {'part_name': 'animal_ears', 'colors': (), 'status': 'unresolved', 'reasons': ('색상 측정 없음',), 'prompt_text': '', 'evidence': {'policy': {'max_distance': 22.0, 'minimum_margin': 1.5, 'minimum_area_ratio': 0.1, 'minimum_coverage': 0.85, 'maximum_colors': 3, 'dark_lightness': 45.0, 'light_lightness': 80.0}, 'color_labels': {'blue': '파랑', 'purple': '보라', 'red': '빨강', 'pink': '분홍', 'orange': '주황', 'yellow': '노랑', 'brown': '갈색', 'green': '초록', 'cyan': '청록', 'white': '흰색', 'gray': '회색', 'black': '검정', 'dark blue': '어두운 파랑', 'light blue': '밝은 파랑', 'dark purple': '어두운 보라', 'light purple': '밝은 보라', 'dark red': '어두운 빨강', 'light red': '밝은 빨강', 'dark pink': '어두운 분홍', 'light pink': '밝은 분홍', 'dark orange': '어두운 주황', 'light orange': '밝은 주황', 'dark yellow': '어두운 노랑', 'light yellow': '밝은 노랑', 'dark brown': '어두운 갈색', 'light brown': '밝은 갈색', 'dark green': '어두운 초록', 'light green': '밝은 초록', 'dark cyan': '어두운 청록', 'light cyan': '밝은 청록', 'dark white': '어두운 흰색', 'light white': '밝은 흰색', 'dark gray': '어두운 회색', 'light gray': '밝은 회색', 'dark black': '어두운 검정', 'light black': '밝은 검정'}, 'clusters': [], 'coverage': 0.0, 'method': 'nearest CSS family in OpenCV Lab; not probability'}, 'policy_fingerprint': '449df195373783ac3c6155d20aaea36eae3b40df9ff2b5dbf9f195ff810596b9', 'semantic_accuracy_verified': False}, {'part_name': 'tail', 'colors': (), 'status': 'unresolved', 'reasons': ('색상 측정 없음',), 'prompt_text': '', 'evidence': {'policy': {'max_distance': 22.0, 'minimum_margin': 1.5, 'minimum_area_ratio': 0.1, 'minimum_coverage': 0.85, 'maximum_colors': 3, 'dark_lightness': 45.0, 'light_lightness': 80.0}, 'color_labels': {'blue': '파랑', 'purple': '보라', 'red': '빨강', 'pink': '분홍', 'orange': '주황', 'yellow': '노랑', 'brown': '갈색', 'green': '초록', 'cyan': '청록', 'white': '흰색', 'gray': '회색', 'black': '검정', 'dark blue': '어두운 파랑', 'light blue': '밝은 파랑', 'dark purple': '어두운 보라', 'light purple': '밝은 보라', 'dark red': '어두운 빨강', 'light red': '밝은 빨강', 'dark pink': '어두운 분홍', 'light pink': '밝은 분홍', 'dark orange': '어두운 주황', 'light orange': '밝은 주황', 'dark yellow': '어두운 노랑', 'light yellow': '밝은 노랑', 'dark brown': '어두운 갈색', 'light brown': '밝은 갈색', 'dark green': '어두운 초록', 'light green': '밝은 초록', 'dark cyan': '어두운 청록', 'light cyan': '밝은 청록', 'dark white': '어두운 흰색', 'light white': '밝은 흰색', 'dark gray': '어두운 회색', 'light gray': '밝은 회색', 'dark black': '어두운 검정', 'light black': '밝은 검정'}, 'clusters': [], 'coverage': 0.0, 'method': 'nearest CSS family in OpenCV Lab; not probability'}, 'policy_fingerprint': '449df195373783ac3c6155d20aaea36eae3b40df9ff2b5dbf9f195ff810596b9', 'semantic_accuracy_verified': False})
2026-09-24 16:30:25 [INFO] [참조 분석 완료] 헤어 색 측정=False, 추가 부위=0, 중립화/제거 검증=미실행
2026-09-24 16:30:25 [INFO] [공통 생성 오케스트레이터] {"stage": "prepare_visual_inputs", "status": "completed"}
RAM_MARK None reference analysis after 2.659
RAM_MARK None wd14 ONNX before load 2.663
RAM_MARK None onnx_other ONNX before load 2.663
RAM_MARK 08 wd14 ONNX session created 3.019
2026-09-24 16:30:38 [INFO] [공통 생성 오케스트레이터] {"approval_fingerprint": "15a51f781a3c1c2babbcc89c5581552c3b2bc31ee95f964f09b02c9326705b14", "replay_bundle": "\\\\192.168.0.109\\win_g\\genai-lab\\outputs\\ram-breakdown-20260924\\cases\\ordinary-female\\base-work\\product-run-specs\\20260924-163037-527909-15a51f781a3c", "stage": "approve_visual_inputs", "status": "completed"}
RAM_MARK 11 Base stage before 2.667
RAM_MARK 04 enable_model_cpu_offload complete 2.667
2026-09-24 16:30:40 [INFO] [공통 생성 오케스트레이터] {"report": {"actions": ["model_hooks_released", "ip_adapter_scale_zeroed"], "boundary": "request_start", "errors": [], "pipeline_present": true, "status": "completed", "version": "request_runtime_reset_v1"}, "stage": "request_runtime_reset", "status": "completed"}
2026-09-24 16:30:40 [INFO] [공통 생성 오케스트레이터] {"refinement_mode": "sdxl_local", "stage": "generate_base_candidates", "status": "started"}
2026-09-24 16:30:40 [INFO] [시간 제한 시작] 공통 참조 준비, 제한=1800초, 독립 타이머
2026-09-24 16:30:41 [INFO] [IP-Adapter 의상 입력] 임베딩 계산 전 입력 보존 위치=C:\Users\user\AppData\Local\Temp\genai-candidates-xoqz6tg3\debug_garment_ip_adapter.png
2026-09-24 16:30:41 [INFO] [IP-Adapter 의상 입력] Size=[512, 512] Min=0 Max=255 Mean=210.77 Std=86.85 SpatialStd=86.64 상태=measured JSON=C:\Users\user\AppData\Local\Temp\genai-candidates-xoqz6tg3\debug_garment_ip_adapter.json
2026-09-24 16:30:41 [INFO] [IP-Adapter 의상 입력] 입력 통계 기록 완료 — 텍스처/디자인 정상 판정은 하지 않았습니다.
2026-09-24 16:30:41 [INFO] [참조 전달 순서] identity → garment
2026-09-24 16:30:41 [INFO] [Base 시각 참조] 전달=['identity'], 후속 국소 단계로 연기=['garment']
2026-09-24 16:31:06 [INFO] [생성 참조 격리] Base IP-Adapter 전달=['identity'], 전신 Identity 단일 참조=True, 국소 헤어·귀·꼬리·의상 참조=후속 단계로 연기, 기준 이미지 좌표 IP-Adapter 공간 마스크=미전달
2026-09-24 16:31:26 [INFO] [공통 프롬프트 임베딩] 상태=encoded, shape={'prompt_embeds': [1, 77, 2048], 'negative_prompt_embeds': [1, 77, 2048], 'pooled_prompt_embeds': [1, 1280], 'negative_pooled_prompt_embeds': [1, 1280]}, 후보 간 읽기 전용 공유
2026-09-24 16:31:27 [INFO] [승인 조건 봉인] 15a51f781a3c1c2babbcc89c5581552c3b2bc31ee95f964f09b02c9326705b14
RAM_MARK None wd14 ONNX before load 3.327
RAM_MARK None onnx_other ONNX before load 3.327
RAM_MARK 08 wd14 ONNX session created 3.679
2026-09-24 16:31:32 [INFO] [후보 의미 게이트 준비] 상태=ready, 분석=WD14 원시 점수, 순위 계산 전 실행
2026-09-24 16:31:33 [INFO] [유사도 계산 불가] hair: 전신 참조 영역 없음
[ordinary-female] 후보 시도 1/2 생성 중 (정상 목표 1개)
2026-09-24 16:31:33 [INFO] [시간 제한 시작] 후보 1 생성, 제한=1800초, 독립 타이머
2026-09-24 16:31:33 [INFO] [참조 조건] 후보=1, 조건=캐릭터 전용 Base (의상 프롬프트·어댑터 OFF), 시드=209210001, 전신 Identity 강도=0.7, 헤어 전용 강도=미사용, 의상 강도=0.0, 의상 태그 유지=False
2026-09-24 16:31:33 [INFO] [후보 생성] 후보=1, 시작
2026-09-24 16:31:33 [INFO] [헤어 생성 조건 전달] 승인=['black hair', 'short hair'], 실제 프롬프트 전달=['black hair', 'short hair'], 승인 후 누락=[], 분석 후 미전달=[], 상세 자동후보=[], 시각 참조=text_only_in_base, 별도 헤어 어댑터=False
2026-09-24 16:31:33 [INFO] [캐릭터 성별 지정] 지정=female, 제외 태그=['1girl'], 충돌 네거티브 제거=[]
2026-09-24 16:31:33 [INFO] [의상 프롬프트 정리] 제거=['different outfit', 'mismatched colors', 'unnatural clothing folds', 'warped clothing'], 실제 부정 프롬프트=1boy, nsfw, lowres, bad, text, error, extra digits, missing fingers, worst quality, low quality, watermark, signature, unfinished, different character, different character design, different hairstyle, different hair color, different eye color, missing character features, bad anatomy, bad hands, malformed hands, fused fingers, extra fingers, uneven eyes, 실제 부정 토큰=(75, 75)
2026-09-24 16:31:33 [INFO] [의상 성별 조건 차단] 정책=not_used_character_only_base, 의상 제외 태그=[], 성별 네거티브=1boy, 이미지 내부 체형 분리=미구현, 결과 승인 필요
2026-09-24 16:31:33 [INFO] [의상 디자인 참조 생성] 방식=영역별 이미지+태그, 신체 복원/외부 자세/부분 보정=미사용, 크기=736x1232, prompt=1girl, female focus, feminine silhouette, full body, head to toe, feet visible, entire character inside frame, black hair, short hair, blue eyes, solo, simple background, coherent anatomy, best quality, 잘림=False
2026-09-24 16:31:33 [INFO] [시각 참조 입력] 잘라낸 부위별 참조 2개, 의상 참조 강도=0.0, 캐릭터 전용 Base=True, 분석 마스크는 크롭·JSON에만 사용, 생성 공간 마스크=미사용, 신체 복원=0회
2026-09-24 16:31:33 [INFO] [원본 유지 화면 준비] 시작 화면=736x1232, 원본 변경 강도=0.25, 비율 유지 및 흰색 여백 사용
2026-09-24 16:31:33 [INFO] [편집 기반 Base 입력] pipeline=StableDiffusionXLImg2ImgPipeline, 승인 캐릭터 RGB 사용, strength=0.25, 실제 디노이징=7회, 구조 선화=False, 잘라낸 부위별 참조 유지, 기준 이미지 좌표 공간 마스크 미전달
2026-09-24 16:31:33 [INFO] [Animagine Base 체형 프리셋] 상태=disabled, 프리셋=None, ControlNet=xinsir/controlnet-canny-sdxl-1.0, 강도=0.42, 구간=0.00~0.72, OpenPose=미사용
2026-09-24 16:31:33 [INFO] [단계별 참조 강도] 순서=['identity'], 단계=[{'end_ratio': 0.35, 'end_step': 3, 'scale_factors': {'identity': 1.0}, 'resolved_scales': {'identity': 0.7}}, {'end_ratio': 0.7, 'end_step': 5, 'scale_factors': {'identity': 0.93}, 'resolved_scales': {'identity': 0.651}}, {'end_ratio': 1.0, 'end_step': 7, 'scale_factors': {'identity': 0.79}, 'resolved_scales': {'identity': 0.5529999999999999}}]
2026-09-24 16:31:33 [INFO] [최종 승인 조건 검증] 후보=1, 완료, 소요=0.078초
2026-09-24 16:31:33 [INFO] [공통 프롬프트 임베딩 전달] 후보=1, 승인 텍스트 해시 검증=통과, 재인코딩=없음
RAM_MARK None base actual sampling before 4.577

  0%|          | 0/7 [00:00<?, ?it/s]
 14%|█▍        | 1/7 [00:53<05:22, 53.74s/it]
 29%|██▊       | 2/7 [00:54<01:52, 22.43s/it]
 43%|████▎     | 3/7 [00:54<00:49, 12.43s/it]
 57%|█████▋    | 4/7 [00:55<00:23,  7.73s/it]
 71%|███████▏  | 5/7 [00:55<00:10,  5.14s/it]
 86%|████████▌ | 6/7 [00:56<00:03,  3.57s/it]
100%|██████████| 7/7 [00:57<00:00,  2.90s/it]
100%|██████████| 7/7 [00:57<00:00,  8.27s/it]
RAM_MARK 04 enable_model_cpu_offload complete 13.121
RAM_MARK None base actual sampling after 13.111
2026-09-24 16:32:38 [INFO] [최종 latent 무결성] 후보=1, 결과={'status': 'passed', 'reason': None, 'failure_stage': 'final_latent', 'retryable': False, 'shape': [1, 4, 154, 92], 'dtype': 'torch.float16', 'finite': True, 'minimum': -3.603515625, 'maximum': 3.546875, 'mean': 0.3744101822376251, 'standard_deviation': 1.0444591045379639, 'spatial_metrics': {'horizontal_difference_mean': 0.39207208156585693, 'vertical_difference_mean': 0.3716691732406616, 'horizontal_difference_max': 4.998046875, 'vertical_difference_max': 5.0}}
2026-09-24 16:32:38 [INFO] [생성 이미지 무결성] 후보=1, 결과={'version': 'generated_image_integrity_report_v2', 'status': 'passed', 'failure_stage': 'decoded_rgb', 'retryable': False, 'width': 736, 'height': 1232, 'metrics': {'adjacent_difference': 2.064075231552124, 'high_jump_ratio': 0.007066379028625431, 'laplacian_variance': 525.4229340964513, 'extreme_pixel_ratio': 0.002580271856766422}, 'failed_checks': [], 'failed_check_count': 0, 'minimum_failed_checks': 3, 'critical_pair_triggered': False, 'semantic_quality_judgement': False}
2026-09-24 16:32:39 [INFO] [후보 부위 오류 보정] 상태=deferred_for_batch_selection, 정상 후보 비교 후 최상위 1개만 보정
2026-09-24 16:32:39 [INFO] [모델 반환] 이미지 크기=736x1232, 파일 저장 없음, 사용자 검토용 메모리 보관
2026-09-24 16:32:39 [INFO] [후보 생성] 후보=1, 상태=completed, 소요=65.65초
2026-09-24 16:32:39 [INFO] [후보 의미 검사] 후보=1, 시작
2026-09-24 16:32:39 [INFO] [후보 의미 검사] 후보=1, 상태=completed, 소요=0.80초
2026-09-24 16:32:40 [INFO] [후보 체형 유사도] 후보=1, 상태=UNRESOLVED, 부분 유사도=None, 관측 범위=0.0, 반환 차단=false
2026-09-24 16:32:40 [INFO] [후보 구조 게이트] 후보=1, 결정=review, 위반=[], 미확정=['overhead_component_near_primary_pose_ambiguous'], 적용 위치=유사도 계산 이전
2026-09-24 16:32:40 [INFO] [유사도 계산] 후보=1, 시작
RAM_MARK 06 grounding_dino from_pretrained complete 13.237
RAM_MARK 06 grounding_dino from_pretrained complete 13.241
RAM_MARK 07 sam2 from_pretrained complete 13.241
RAM_MARK 07 sam2 from_pretrained complete 13.241
RAM_MARK 07 sam2 from_pretrained complete 13.241
RAM_MARK 07 sam2 from_pretrained complete 13.241
RAM_MARK 06 grounding_dino from_pretrained complete 13.245
2026-09-24 16:34:30 [INFO] [참조 이미지 재검증] 픽셀={'identity': 28089, 'hair': 15968, 'face': 21462, 'garment': 134266, 'foreground': 151610}, 저장=C:\Users\user\AppData\Local\Temp\genai-candidates-xoqz6tg3\source_reference_revalidation, 생성 마스크 주입=false
2026-09-24 16:35:07 [INFO] [출력 좌표 마스크 재검출] 후보=1, 단계=base, 픽셀={'identity': 27466, 'hair': 15282, 'face': 20306, 'garment': 149026, 'foreground': 153848}, 저장=C:\Users\user\AppData\Local\Temp\genai-candidates-xoqz6tg3\output_regions\candidate_1_base
2026-09-24 16:35:07 [INFO] [참조-Base 마스크 교차 검증] 후보=1, 상태=consistent, 진행 차단=false, 원본 마스크 주입=false
2026-09-24 16:35:08 [INFO] [유사도 계산] 후보=1, 상태=completed, 소요=148.74초
2026-09-24 16:35:09 [INFO] [후보 비교] 후보=1, 시드=209210001, 점수={'method': 'CLIP cosine / redetected output-coordinate ROI; not probability', 'character': 0.8969780802726746, 'hair': None, 'garment': 0.2722235918045044, 'vibe': 0.9850953221321106, 'warnings': ['hair: reference feature is unavailable']}, 임시=C:\Users\user\AppData\Local\Temp\genai-candidates-xoqz6tg3\candidate_1.png
2026-09-24 16:35:09 [INFO] [정상 후보 목표 달성] 정상=1개, 시도=1/2, 남은 후보 생성 생략
2026-09-24 16:35:09 [INFO] [로컬 네이티브 정밀화 인계] 승인 가능한 Base=1개, 선택 후 FLUX.2 Klein → 최종 게이트
2026-09-24 16:35:09 [INFO] [공통 생성 오케스트레이터] {"stage": "generate_base_candidates", "status": "completed"}
RAM_MARK 12 Base stage after 13.517
2026-09-24 16:35:14 [INFO] [공통 생성 오케스트레이터] {"base_image": "\\\\192.168.0.109\\win_g\\genai-lab\\outputs\\generation-runs\\20260924-162738-32b83572\\base\\approved-base.png", "base_sha256": "cd1a11ffa5664d37106758e544ca783d0950f868dcebe0ae39bd04f2f5d9d3e0", "candidate_number": 1, "refinement_mode": "sdxl_local", "stage": "select_base_candidate", "status": "completed"}
RAM_MARK 13 refinement stage before 13.517
2026-09-24 16:35:14 [INFO] [공통 생성 오케스트레이터] {"candidate_number": 1, "refinement_mode": "sdxl_local", "stage": "finalize_selected_candidate", "status": "started"}
2026-09-24 16:35:15 [INFO] [공통 생성 오케스트레이터] {"output_directory": "\\\\192.168.0.109\\win_g\\genai-lab\\outputs\\ram-breakdown-20260924\\cases\\ordinary-female", "stage": "finalize_selected_candidate", "status": "output_resolved"}
[ordinary-female] SDXL 출력 좌표 마스크와 보호 영역 계산 중...
[ordinary-female] SDXL 국소 의상 정밀화 실행 중...
2026-09-24 16:35:48 [INFO] [참조 영역 분석] 종료=0, 소요=33.53초, 중립화/제거 검증=미실행
2026-09-24 16:35:48 [INFO] [승인 의상 기반 마스크] {'mode': 'legacy_overall', 'approved_tags': [], 'included_classes': [], 'excluded_classes': ['Upper-clothes', 'Coat', 'Dress', 'Skirt', 'Pants', 'Jumpsuits', 'Socks', 'Left-shoe', 'Right-shoe', 'Scarf', 'Glove'], 'cross_parser_veto_classes': ['Left-leg', 'Right-leg', 'Left-shoe', 'Right-shoe'], 'detached_component_policy': 'keep_components_at_least_one_percent_of_largest', 'final_disconnected_pixels_removed': 0}
RAM_MARK 06 grounding_dino from_pretrained complete 13.53
RAM_MARK 06 grounding_dino from_pretrained complete 13.534
RAM_MARK 07 sam2 from_pretrained complete 13.534
RAM_MARK 07 sam2 from_pretrained complete 13.534
RAM_MARK 07 sam2 from_pretrained complete 13.534
RAM_MARK 07 sam2 from_pretrained complete 13.535
RAM_MARK 06 grounding_dino from_pretrained complete 13.537
RAM_MARK 04 enable_model_cpu_offload complete 14.383
RAM_MARK 04 enable_model_cpu_offload complete 14.383
RAM_MARK None inpaint actual sampling before 14.387

INPAINT callback step=0
  0%|          | 0/25 [00:00<?, ?it/s]
  4%|▍         | 1/25 [00:03<01:14,  3.10s/it]
  8%|▊         | 2/25 [00:03<00:37,  1.64s/it]
 12%|█▏        | 3/25 [00:04<00:25,  1.16s/it]
 16%|█▌        | 4/25 [00:04<00:19,  1.07it/s]
INPAINT callback step=5
 20%|██        | 5/25 [00:05<00:16,  1.23it/s]
 24%|██▍       | 6/25 [00:06<00:14,  1.34it/s]
 28%|██▊       | 7/25 [00:06<00:12,  1.41it/s]
 32%|███▏      | 8/25 [00:07<00:11,  1.49it/s]
 36%|███▌      | 9/25 [00:07<00:10,  1.54it/s]
INPAINT callback step=10
 40%|████      | 10/25 [00:08<00:09,  1.57it/s]
 44%|████▍     | 11/25 [00:09<00:08,  1.61it/s]
 48%|████▊     | 12/25 [00:09<00:08,  1.61it/s]
 52%|█████▏    | 13/25 [00:10<00:07,  1.60it/s]
 56%|█████▌    | 14/25 [00:10<00:06,  1.62it/s]
INPAINT callback step=15
 60%|██████    | 15/25 [00:11<00:06,  1.63it/s]
 64%|██████▍   | 16/25 [00:12<00:05,  1.65it/s]
 68%|██████▊   | 17/25 [00:12<00:04,  1.65it/s]
 72%|███████▏  | 18/25 [00:13<00:04,  1.66it/s]
 76%|███████▌  | 19/25 [00:14<00:03,  1.64it/s]
INPAINT callback step=20
 80%|████████  | 20/25 [00:14<00:03,  1.63it/s]
 84%|████████▍ | 21/25 [00:15<00:02,  1.64it/s]
 88%|████████▊ | 22/25 [00:15<00:01,  1.63it/s]
 92%|█████████▏| 23/25 [00:16<00:01,  1.64it/s]
 96%|█████████▌| 24/25 [00:17<00:00,  1.65it/s]
100%|██████████| 25/25 [00:17<00:00,  1.65it/s]
100%|██████████| 25/25 [00:17<00:00,  1.42it/s]
RAM_MARK 04 enable_model_cpu_offload complete 14.609
RAM_MARK None inpaint actual sampling after 14.609
[ordinary-female] 최종 인물 수 진단 기록 중...
RAM_MARK 06 grounding_dino from_pretrained complete 13.933
RAM_MARK 06 grounding_dino from_pretrained complete 13.937
RAM_MARK 06 grounding_dino from_pretrained complete 13.939
RAM_MARK 04 enable_model_cpu_offload complete 14.659
RAM_MARK 04 enable_model_cpu_offload complete 14.659
2026-09-24 16:37:14 [INFO] [공통 생성 오케스트레이터] {"report": {"actions": ["model_hooks_released", "interrupt_cleared", "ip_adapter_scale_zeroed", "cached_inpaint_pipeline_released"], "boundary": "request_end", "errors": [], "pipeline_present": true, "status": "completed", "version": "request_runtime_reset_v1"}, "stage": "request_runtime_reset", "status": "completed"}
2026-09-24 16:37:14 [INFO] [공통 생성 오케스트레이터] {"native_status": "PASS", "refinement_mode": "sdxl_local", "selected_engine": "sdxl_local", "selected_image": "\\\\192.168.0.109\\win_g\\genai-lab\\outputs\\ram-breakdown-20260924\\cases\\ordinary-female\\selected.png", "stage": "finalize_selected_candidate", "status": "completed"}
RAM_MARK 14 refinement and its internal gates after 14.652
RAM_MARK 15 measurement and gates complete (inside finalize boundary) 14.652
RAM_MARK 16 process exit / instrumentation removed 12.843
MEASUREMENT_FINISHED completed {'base': 1, 'inpaint': 1} tracked_changes []
